// Jest Snapshot v1, https://goo.gl/fbAQLP

exports[`Question it renders all components 1`] = `
<div>
  <section
    class="question | flow"
  >
    <div
      class="question__header | splitter"
    >
      <h2
        class="center"
      >
        Question 1/2
      </h2>
      <div
        class="timer"
      >
        <svg
          class="timer__svg"
          version="1.1"
          viewBox="0 0 300 300"
          xmlns="http://www.w3.org/2000/svg"
        >
          <g
            fill="#fff"
            stroke-linecap="round"
            stroke-width="25"
          >
            <circle
              cx="149.72"
              cy="153.06"
              r="135.25"
              stroke="#393d38"
            />
            <path
              d="m284.97 153.06a135.25 135.25 0 0 1-135.25 135.25 135.25 135.25 0 0 1-135.25-135.25 135.25 135.25 0 0 1 135.25-135.25 135.25 135.25 0 0 1 135.25 135.25z"
              stroke="#0d7857ff"
              stroke-dasharray="849.27 849.37"
            />
          </g>
        </svg>
        <span
          class="timer__label | font-base color-tertiary-shade"
        >
          10
        </span>
      </div>
    </div>
    <div
      class="question__main"
    >
      <svg
        height="245.49"
        version="1.1"
        viewBox="0 0 91.714 61.373"
        width="366.86"
        xmlns="http://www.w3.org/2000/svg"
      >
        <g
          fill="#fff"
        >
          <g
            transform="matrix(.92162 0 0 .91569 -2.9371 -10.988)"
          >
            <path
              d="m8.552 32.501c1.9338-4.4356 5.3737-8.1111 9.377-10.829 4.0033-2.7182 8.5601-4.5292 13.206-5.881 17.821-5.1847 37.796-3.5443 53.886 5.7052 4.1676 2.3957 8.1674 5.3903 10.592 9.541 1.7457 2.9885 2.5898 6.472 2.5683 9.933-0.02146 3.4609-0.89274 6.8958-2.3761 10.023-2.9667 6.2541-8.2792 11.154-14.184 14.766-13.29 8.1283-29.947 10.159-45.071 6.4243-8.962-2.2131-17.68-6.5583-23.486-13.735-2.9029-3.5884-5.0211-7.8449-5.8922-12.378-0.87117-4.5327-0.46476-9.3383 1.3798-13.569z"
              fill="#fff"
            />
          </g>
          <ellipse
            cx="76.883"
            cy="52.245"
            rx="5.2077"
            ry="4.9838"
            stroke-linecap="round"
            stroke-width="7.1216"
          />
          <ellipse
            cx="84.947"
            cy="58.405"
            rx="3.4158"
            ry="2.8559"
            stroke-linecap="round"
            stroke-width="4.3661"
          />
        </g>
      </svg>
      <p
        class="imposter | color-tertiary-shade"
      >
        Approximately how many grapes go into a bottle of wine?
      </p>
    </div>
    <div
      class="options"
    >
      <button
        class=""
      >
        <span>
          200
        </span>
      </button>
      <button
        class=""
      >
        <span>
          1000
        </span>
      </button>
      <button
        class=""
      >
        <span>
          700
        </span>
      </button>
      <button
        class=""
      >
        <span>
          500
        </span>
      </button>
    </div>
    <div
      class="remark remark__hidden"
    >
      <svg
        role=""
        version="1.1"
        viewBox="0 0 91.714 61.373"
        xmlns="http://www.w3.org/2000/svg"
      >
        <path
          d="m17.708 45.605 9.2181 5.5794-25.471 9.4607 15.768-8.7329z"
          fill="#fff"
        />
        <g
          fill="#fff"
          transform="matrix(.92162 0 0 .91569 -2.9371 -10.988)"
        >
          <path
            d="m8.552 32.501c1.9338-4.4356 5.3737-8.1111 9.377-10.829 4.0033-2.7182 8.5601-4.5292 13.206-5.881 17.821-5.1847 37.796-3.5443 53.886 5.7052 4.1676 2.3957 8.1674 5.3903 10.592 9.541 1.7457 2.9885 2.5898 6.472 2.5683 9.933-0.02146 3.4609-0.89274 6.8958-2.3761 10.023-2.9667 6.2541-8.2792 11.154-14.184 14.766-13.29 8.1283-29.947 10.159-45.071 6.4243-8.962-2.2131-17.68-6.5583-23.486-13.735-2.9029-3.5884-5.0211-7.8449-5.8922-12.378-0.87117-4.5327-0.46476-9.3383 1.3798-13.569z"
            fill="#fff"
          />
        </g>
      </svg>
      <div
        class="remark__comments imposter"
      >
        <p>
          Shamefully Wrong!
        </p>
        <p>
          The correct answer is 
          <span
            class="color-tertiary-shade weight-bold"
          >
            700
          </span>
        </p>
      </div>
      <button>
        Next Question
      </button>
    </div>
  </section>
</div>
`;
